
==========================================================================
global place report_tns
--------------------------------------------------------------------------
tns max 0.00

==========================================================================
global place report_wns
--------------------------------------------------------------------------
wns max 0.00

==========================================================================
global place report_worst_slack
--------------------------------------------------------------------------
worst slack max 10.43

==========================================================================
global place report_clock_min_period
--------------------------------------------------------------------------
core_clock period_min = 9.57 fmax = 104.52

==========================================================================
global place report_checks -path_delay min
--------------------------------------------------------------------------
Startpoint: rst_in (input port clocked by core_clock)
Endpoint: u_fir.result_out[31]$_DFFE_PP0P_
          (removal check against rising-edge clock core_clock)
Path Group: asynchronous
Path Type: min

Fanout     Cap    Slew   Delay    Time   Description
-----------------------------------------------------------------------------
                  0.00    0.00    0.00   clock core_clock (rise edge)
                          0.00    0.00   clock network delay (ideal)
                          4.00    4.00 v input external delay
     1    0.00    0.00    0.00    4.00 v rst_in (in)
                                         rst_in (net)
                  0.00    0.00    4.00 v input41/A (sky130_fd_sc_hd__clkdlybuf4s50_1)
     1    0.01    0.07    0.42    4.42 v input41/X (sky130_fd_sc_hd__clkdlybuf4s50_1)
                                         net41 (net)
                  0.07    0.00    4.42 v _0891_/A (sky130_fd_sc_hd__clkinv_2)
     1    0.00    0.03    0.05    4.46 ^ _0891_/Y (sky130_fd_sc_hd__clkinv_2)
                                         _0132_ (net)
                  0.03    0.00    4.46 ^ place101/A (sky130_fd_sc_hd__buf_4)
    83    0.43    1.14    0.86    5.33 ^ place101/X (sky130_fd_sc_hd__buf_4)
                                         net101 (net)
                  1.14    0.01    5.33 ^ u_fir.result_out[31]$_DFFE_PP0P_/RESET_B (sky130_fd_sc_hd__dfrtp_1)
                                  5.33   data arrival time

                  0.00    0.00    0.00   clock core_clock (rise edge)
                          0.00    0.00   clock network delay (ideal)
                          0.00    0.00   clock reconvergence pessimism
                                  0.00 ^ u_fir.result_out[31]$_DFFE_PP0P_/CLK (sky130_fd_sc_hd__dfrtp_1)
                          0.60    0.60   library removal time
                                  0.60   data required time
-----------------------------------------------------------------------------
                                  0.60   data required time
                                 -5.33   data arrival time
-----------------------------------------------------------------------------
                                  4.73   slack (MET)


Startpoint: u_fir.result_out[18]$_DFFE_PP0P_
            (rising edge-triggered flip-flop clocked by core_clock)
Endpoint: u_fir.result_out[18]$_DFFE_PP0P_
          (rising edge-triggered flip-flop clocked by core_clock)
Path Group: core_clock
Path Type: min

Fanout     Cap    Slew   Delay    Time   Description
-----------------------------------------------------------------------------
                  0.00    0.00    0.00   clock core_clock (rise edge)
                          0.00    0.00   clock network delay (ideal)
                  0.00    0.00    0.00 ^ u_fir.result_out[18]$_DFFE_PP0P_/CLK (sky130_fd_sc_hd__dfrtp_1)
     2    0.01    0.07    0.32    0.32 ^ u_fir.result_out[18]$_DFFE_PP0P_/Q (sky130_fd_sc_hd__dfrtp_1)
                                         net51 (net)
                  0.07    0.00    0.32 ^ _0668_/B (sky130_fd_sc_hd__nand2_1)
     1    0.01    0.05    0.07    0.39 v _0668_/Y (sky130_fd_sc_hd__nand2_1)
                                         _0313_ (net)
                  0.05    0.00    0.39 v _0669_/B1 (sky130_fd_sc_hd__o31ai_2)
     1    0.00    0.04    0.05    0.44 ^ _0669_/Y (sky130_fd_sc_hd__o31ai_2)
                                         _0147_ (net)
                  0.04    0.00    0.44 ^ u_fir.result_out[18]$_DFFE_PP0P_/D (sky130_fd_sc_hd__dfrtp_1)
                                  0.44   data arrival time

                  0.00    0.00    0.00   clock core_clock (rise edge)
                          0.00    0.00   clock network delay (ideal)
                          0.00    0.00   clock reconvergence pessimism
                                  0.00 ^ u_fir.result_out[18]$_DFFE_PP0P_/CLK (sky130_fd_sc_hd__dfrtp_1)
                         -0.04   -0.04   library hold time
                                 -0.04   data required time
-----------------------------------------------------------------------------
                                 -0.04   data required time
                                 -0.44   data arrival time
-----------------------------------------------------------------------------
                                  0.48   slack (MET)



==========================================================================
global place report_checks -path_delay max
--------------------------------------------------------------------------
Startpoint: rst_in (input port clocked by core_clock)
Endpoint: u_fir.delay_q[0][9]$_DFFE_PP0P_
          (recovery check against rising-edge clock core_clock)
Path Group: asynchronous
Path Type: max

Fanout     Cap    Slew   Delay    Time   Description
-----------------------------------------------------------------------------
                  0.00    0.00    0.00   clock core_clock (rise edge)
                          0.00    0.00   clock network delay (ideal)
                          4.00    4.00 v input external delay
     1    0.00    0.00    0.00    4.00 v rst_in (in)
                                         rst_in (net)
                  0.00    0.00    4.00 v input41/A (sky130_fd_sc_hd__clkdlybuf4s50_1)
     1    0.01    0.07    0.42    4.42 v input41/X (sky130_fd_sc_hd__clkdlybuf4s50_1)
                                         net41 (net)
                  0.07    0.00    4.42 v _0891_/A (sky130_fd_sc_hd__clkinv_2)
     1    0.00    0.03    0.05    4.46 ^ _0891_/Y (sky130_fd_sc_hd__clkinv_2)
                                         _0132_ (net)
                  0.03    0.00    4.46 ^ place101/A (sky130_fd_sc_hd__buf_4)
    83    0.43    1.14    0.86    5.33 ^ place101/X (sky130_fd_sc_hd__buf_4)
                                         net101 (net)
                  1.14    0.03    5.36 ^ u_fir.delay_q[0][9]$_DFFE_PP0P_/RESET_B (sky130_fd_sc_hd__dfrtp_1)
                                  5.36   data arrival time

                  0.00   20.00   20.00   clock core_clock (rise edge)
                          0.00   20.00   clock network delay (ideal)
                          0.00   20.00   clock reconvergence pessimism
                                 20.00 ^ u_fir.delay_q[0][9]$_DFFE_PP0P_/CLK (sky130_fd_sc_hd__dfrtp_1)
                         -0.08   19.92   library recovery time
                                 19.92   data required time
-----------------------------------------------------------------------------
                                 19.92   data required time
                                 -5.36   data arrival time
-----------------------------------------------------------------------------
                                 14.57   slack (MET)


Startpoint: flush_in (input port clocked by core_clock)
Endpoint: opcode_out[4] (output port clocked by core_clock)
Path Group: core_clock
Path Type: max

Fanout     Cap    Slew   Delay    Time   Description
-----------------------------------------------------------------------------
                  0.00    0.00    0.00   clock core_clock (rise edge)
                          0.00    0.00   clock network delay (ideal)
                          4.00    4.00 v input external delay
     1    0.00    0.00    0.00    4.00 v flush_in (in)
                                         flush_in (net)
                  0.00    0.00    4.00 v input18/A (sky130_fd_sc_hd__clkdlybuf4s50_1)
    22    0.06    0.44    0.72    4.72 v input18/X (sky130_fd_sc_hd__clkdlybuf4s50_1)
                                         net18 (net)
                  0.44    0.00    4.73 v _0886_/A (sky130_fd_sc_hd__or2_2)
     1    0.00    0.06    0.43    5.16 v _0886_/X (sky130_fd_sc_hd__or2_2)
                                         net81 (net)
                  0.06    0.00    5.16 v output81/A (sky130_fd_sc_hd__clkdlybuf4s50_1)
     1    0.00    0.04    0.41    5.57 v output81/X (sky130_fd_sc_hd__clkdlybuf4s50_1)
                                         opcode_out[4] (net)
                  0.04    0.00    5.57 v opcode_out[4] (out)
                                  5.57   data arrival time

                  0.00   20.00   20.00   clock core_clock (rise edge)
                          0.00   20.00   clock network delay (ideal)
                          0.00   20.00   clock reconvergence pessimism
                         -4.00   16.00   output external delay
                                 16.00   data required time
-----------------------------------------------------------------------------
                                 16.00   data required time
                                 -5.57   data arrival time
-----------------------------------------------------------------------------
                                 10.43   slack (MET)



==========================================================================
global place report_checks -unconstrained
--------------------------------------------------------------------------
Startpoint: rst_in (input port clocked by core_clock)
Endpoint: u_fir.delay_q[0][9]$_DFFE_PP0P_
          (recovery check against rising-edge clock core_clock)
Path Group: asynchronous
Path Type: max

Fanout     Cap    Slew   Delay    Time   Description
-----------------------------------------------------------------------------
                  0.00    0.00    0.00   clock core_clock (rise edge)
                          0.00    0.00   clock network delay (ideal)
                          4.00    4.00 v input external delay
     1    0.00    0.00    0.00    4.00 v rst_in (in)
                                         rst_in (net)
                  0.00    0.00    4.00 v input41/A (sky130_fd_sc_hd__clkdlybuf4s50_1)
     1    0.01    0.07    0.42    4.42 v input41/X (sky130_fd_sc_hd__clkdlybuf4s50_1)
                                         net41 (net)
                  0.07    0.00    4.42 v _0891_/A (sky130_fd_sc_hd__clkinv_2)
     1    0.00    0.03    0.05    4.46 ^ _0891_/Y (sky130_fd_sc_hd__clkinv_2)
                                         _0132_ (net)
                  0.03    0.00    4.46 ^ place101/A (sky130_fd_sc_hd__buf_4)
    83    0.43    1.14    0.86    5.33 ^ place101/X (sky130_fd_sc_hd__buf_4)
                                         net101 (net)
                  1.14    0.03    5.36 ^ u_fir.delay_q[0][9]$_DFFE_PP0P_/RESET_B (sky130_fd_sc_hd__dfrtp_1)
                                  5.36   data arrival time

                  0.00   20.00   20.00   clock core_clock (rise edge)
                          0.00   20.00   clock network delay (ideal)
                          0.00   20.00   clock reconvergence pessimism
                                 20.00 ^ u_fir.delay_q[0][9]$_DFFE_PP0P_/CLK (sky130_fd_sc_hd__dfrtp_1)
                         -0.08   19.92   library recovery time
                                 19.92   data required time
-----------------------------------------------------------------------------
                                 19.92   data required time
                                 -5.36   data arrival time
-----------------------------------------------------------------------------
                                 14.57   slack (MET)


Startpoint: flush_in (input port clocked by core_clock)
Endpoint: opcode_out[4] (output port clocked by core_clock)
Path Group: core_clock
Path Type: max

Fanout     Cap    Slew   Delay    Time   Description
-----------------------------------------------------------------------------
                  0.00    0.00    0.00   clock core_clock (rise edge)
                          0.00    0.00   clock network delay (ideal)
                          4.00    4.00 v input external delay
     1    0.00    0.00    0.00    4.00 v flush_in (in)
                                         flush_in (net)
                  0.00    0.00    4.00 v input18/A (sky130_fd_sc_hd__clkdlybuf4s50_1)
    22    0.06    0.44    0.72    4.72 v input18/X (sky130_fd_sc_hd__clkdlybuf4s50_1)
                                         net18 (net)
                  0.44    0.00    4.73 v _0886_/A (sky130_fd_sc_hd__or2_2)
     1    0.00    0.06    0.43    5.16 v _0886_/X (sky130_fd_sc_hd__or2_2)
                                         net81 (net)
                  0.06    0.00    5.16 v output81/A (sky130_fd_sc_hd__clkdlybuf4s50_1)
     1    0.00    0.04    0.41    5.57 v output81/X (sky130_fd_sc_hd__clkdlybuf4s50_1)
                                         opcode_out[4] (net)
                  0.04    0.00    5.57 v opcode_out[4] (out)
                                  5.57   data arrival time

                  0.00   20.00   20.00   clock core_clock (rise edge)
                          0.00   20.00   clock network delay (ideal)
                          0.00   20.00   clock reconvergence pessimism
                         -4.00   16.00   output external delay
                                 16.00   data required time
-----------------------------------------------------------------------------
                                 16.00   data required time
                                 -5.57   data arrival time
-----------------------------------------------------------------------------
                                 10.43   slack (MET)



==========================================================================
global place report_power
--------------------------------------------------------------------------
Group                  Internal  Switching    Leakage      Total
                          Power      Power      Power      Power (Watts)
----------------------------------------------------------------
Sequential             2.26e-04   3.17e-05   9.77e-10   2.58e-04  22.7%
Combinational          4.21e-04   4.56e-04   2.14e-09   8.76e-04  77.3%
Clock                  0.00e+00   0.00e+00   0.00e+00   0.00e+00   0.0%
Macro                  0.00e+00   0.00e+00   0.00e+00   0.00e+00   0.0%
Pad                    0.00e+00   0.00e+00   0.00e+00   0.00e+00   0.0%
----------------------------------------------------------------
Total                  6.47e-04   4.87e-04   3.12e-09   1.13e-03 100.0%
                          57.0%      43.0%       0.0%
