
==========================================================================
cts final report_tns
--------------------------------------------------------------------------
tns max 0.00

==========================================================================
cts final report_wns
--------------------------------------------------------------------------
wns max 0.00

==========================================================================
cts final report_worst_slack
--------------------------------------------------------------------------
worst slack max 10.36

==========================================================================
cts final report_clock_min_period
--------------------------------------------------------------------------
core_clock period_min = 9.64 fmax = 103.76

==========================================================================
cts final report_clock_skew
--------------------------------------------------------------------------
Clock core_clock
   0.37 source latency u_fir.delay_q[0][8]$_DFFE_PP0P_/CLK ^
  -0.38 target latency u_fir.result_out[23]$_DFFE_PP0P_/CLK ^
   0.00 CRPR
--------------
  -0.01 setup skew


==========================================================================
cts final report_checks -path_delay min
--------------------------------------------------------------------------
Startpoint: rst_in (input port clocked by core_clock)
Endpoint: u_fir.result_out[23]$_DFFE_PP0P_
          (removal check against rising-edge clock core_clock)
Path Group: asynchronous
Path Type: min

Fanout     Cap    Slew   Delay    Time   Description
-----------------------------------------------------------------------------
                          0.00    0.00   clock core_clock (rise edge)
                          0.00    0.00   clock network delay (propagated)
                          4.00    4.00 v input external delay
     1    0.00    0.00    0.00    4.00 v rst_in (in)
                                         rst_in (net)
                  0.00    0.00    4.00 v input41/A (sky130_fd_sc_hd__clkdlybuf4s50_1)
     1    0.01    0.07    0.42    4.42 v input41/X (sky130_fd_sc_hd__clkdlybuf4s50_1)
                                         net41 (net)
                  0.07    0.00    4.42 v _0891_/A (sky130_fd_sc_hd__clkinv_2)
     1    0.00    0.03    0.05    4.47 ^ _0891_/Y (sky130_fd_sc_hd__clkinv_2)
                                         _0132_ (net)
                  0.03    0.00    4.47 ^ place101/A (sky130_fd_sc_hd__buf_4)
    83    0.44    1.19    0.90    5.36 ^ place101/X (sky130_fd_sc_hd__buf_4)
                                         net101 (net)
                  1.19    0.01    5.37 ^ u_fir.result_out[23]$_DFFE_PP0P_/RESET_B (sky130_fd_sc_hd__dfrtp_1)
                                  5.37   data arrival time

                          0.00    0.00   clock core_clock (rise edge)
                          0.00    0.00   clock source latency
     1    0.03    0.00    0.00    0.00 ^ clk_in (in)
                                         clk_in (net)
                  0.00    0.00    0.00 ^ clkbuf_0_clk_in/A (sky130_fd_sc_hd__clkbuf_16)
     8    0.12    0.13    0.18    0.19 ^ clkbuf_0_clk_in/X (sky130_fd_sc_hd__clkbuf_16)
                                         clknet_0_clk_in (net)
                  0.13    0.00    0.19 ^ clkbuf_3_2__f_clk_in/A (sky130_fd_sc_hd__clkbuf_16)
    17    0.06    0.08    0.19    0.37 ^ clkbuf_3_2__f_clk_in/X (sky130_fd_sc_hd__clkbuf_16)
                                         clknet_3_2__leaf_clk_in (net)
                  0.08    0.00    0.38 ^ u_fir.result_out[23]$_DFFE_PP0P_/CLK (sky130_fd_sc_hd__dfrtp_1)
                          0.00    0.38   clock reconvergence pessimism
                          0.64    1.01   library removal time
                                  1.01   data required time
-----------------------------------------------------------------------------
                                  1.01   data required time
                                 -5.37   data arrival time
-----------------------------------------------------------------------------
                                  4.35   slack (MET)


Startpoint: u_fir.result_out[18]$_DFFE_PP0P_
            (rising edge-triggered flip-flop clocked by core_clock)
Endpoint: u_fir.result_out[18]$_DFFE_PP0P_
          (rising edge-triggered flip-flop clocked by core_clock)
Path Group: core_clock
Path Type: min

Fanout     Cap    Slew   Delay    Time   Description
-----------------------------------------------------------------------------
                          0.00    0.00   clock core_clock (rise edge)
                          0.00    0.00   clock source latency
     1    0.03    0.00    0.00    0.00 ^ clk_in (in)
                                         clk_in (net)
                  0.00    0.00    0.00 ^ clkbuf_0_clk_in/A (sky130_fd_sc_hd__clkbuf_16)
     8    0.12    0.13    0.18    0.19 ^ clkbuf_0_clk_in/X (sky130_fd_sc_hd__clkbuf_16)
                                         clknet_0_clk_in (net)
                  0.13    0.00    0.19 ^ clkbuf_3_3__f_clk_in/A (sky130_fd_sc_hd__clkbuf_16)
    11    0.05    0.07    0.18    0.37 ^ clkbuf_3_3__f_clk_in/X (sky130_fd_sc_hd__clkbuf_16)
                                         clknet_3_3__leaf_clk_in (net)
                  0.07    0.00    0.37 ^ u_fir.result_out[18]$_DFFE_PP0P_/CLK (sky130_fd_sc_hd__dfrtp_1)
     2    0.01    0.07    0.34    0.71 ^ u_fir.result_out[18]$_DFFE_PP0P_/Q (sky130_fd_sc_hd__dfrtp_1)
                                         net51 (net)
                  0.07    0.00    0.71 ^ _0668_/B (sky130_fd_sc_hd__nand2_1)
     1    0.00    0.04    0.06    0.78 v _0668_/Y (sky130_fd_sc_hd__nand2_1)
                                         _0313_ (net)
                  0.04    0.00    0.78 v _0669_/B1 (sky130_fd_sc_hd__o31ai_2)
     1    0.00    0.04    0.05    0.83 ^ _0669_/Y (sky130_fd_sc_hd__o31ai_2)
                                         _0147_ (net)
                  0.04    0.00    0.83 ^ u_fir.result_out[18]$_DFFE_PP0P_/D (sky130_fd_sc_hd__dfrtp_1)
                                  0.83   data arrival time

                          0.00    0.00   clock core_clock (rise edge)
                          0.00    0.00   clock source latency
     1    0.03    0.00    0.00    0.00 ^ clk_in (in)
                                         clk_in (net)
                  0.00    0.00    0.00 ^ clkbuf_0_clk_in/A (sky130_fd_sc_hd__clkbuf_16)
     8    0.12    0.13    0.18    0.19 ^ clkbuf_0_clk_in/X (sky130_fd_sc_hd__clkbuf_16)
                                         clknet_0_clk_in (net)
                  0.13    0.00    0.19 ^ clkbuf_3_3__f_clk_in/A (sky130_fd_sc_hd__clkbuf_16)
    11    0.05    0.07    0.18    0.37 ^ clkbuf_3_3__f_clk_in/X (sky130_fd_sc_hd__clkbuf_16)
                                         clknet_3_3__leaf_clk_in (net)
                  0.07    0.00    0.37 ^ u_fir.result_out[18]$_DFFE_PP0P_/CLK (sky130_fd_sc_hd__dfrtp_1)
                          0.00    0.37   clock reconvergence pessimism
                         -0.03    0.34   library hold time
                                  0.34   data required time
-----------------------------------------------------------------------------
                                  0.34   data required time
                                 -0.83   data arrival time
-----------------------------------------------------------------------------
                                  0.49   slack (MET)



==========================================================================
cts final report_checks -path_delay max
--------------------------------------------------------------------------
Startpoint: rst_in (input port clocked by core_clock)
Endpoint: u_fir.delay_q[0][8]$_DFFE_PP0P_
          (recovery check against rising-edge clock core_clock)
Path Group: asynchronous
Path Type: max

Fanout     Cap    Slew   Delay    Time   Description
-----------------------------------------------------------------------------
                          0.00    0.00   clock core_clock (rise edge)
                          0.00    0.00   clock network delay (propagated)
                          4.00    4.00 v input external delay
     1    0.00    0.00    0.00    4.00 v rst_in (in)
                                         rst_in (net)
                  0.00    0.00    4.00 v input41/A (sky130_fd_sc_hd__clkdlybuf4s50_1)
     1    0.01    0.07    0.42    4.42 v input41/X (sky130_fd_sc_hd__clkdlybuf4s50_1)
                                         net41 (net)
                  0.07    0.00    4.42 v _0891_/A (sky130_fd_sc_hd__clkinv_2)
     1    0.00    0.03    0.05    4.47 ^ _0891_/Y (sky130_fd_sc_hd__clkinv_2)
                                         _0132_ (net)
                  0.03    0.00    4.47 ^ place101/A (sky130_fd_sc_hd__buf_4)
    83    0.44    1.19    0.90    5.36 ^ place101/X (sky130_fd_sc_hd__buf_4)
                                         net101 (net)
                  1.19    0.03    5.39 ^ u_fir.delay_q[0][8]$_DFFE_PP0P_/RESET_B (sky130_fd_sc_hd__dfrtp_1)
                                  5.39   data arrival time

                         20.00   20.00   clock core_clock (rise edge)
                          0.00   20.00   clock source latency
     1    0.03    0.00    0.00   20.00 ^ clk_in (in)
                                         clk_in (net)
                  0.00    0.00   20.00 ^ clkbuf_0_clk_in/A (sky130_fd_sc_hd__clkbuf_16)
     8    0.12    0.13    0.18   20.19 ^ clkbuf_0_clk_in/X (sky130_fd_sc_hd__clkbuf_16)
                                         clknet_0_clk_in (net)
                  0.13    0.00   20.19 ^ clkbuf_3_4__f_clk_in/A (sky130_fd_sc_hd__clkbuf_16)
    10    0.05    0.07    0.18   20.37 ^ clkbuf_3_4__f_clk_in/X (sky130_fd_sc_hd__clkbuf_16)
                                         clknet_3_4__leaf_clk_in (net)
                  0.07    0.00   20.37 ^ u_fir.delay_q[0][8]$_DFFE_PP0P_/CLK (sky130_fd_sc_hd__dfrtp_1)
                          0.00   20.37   clock reconvergence pessimism
                         -0.06   20.30   library recovery time
                                 20.30   data required time
-----------------------------------------------------------------------------
                                 20.30   data required time
                                 -5.39   data arrival time
-----------------------------------------------------------------------------
                                 14.91   slack (MET)


Startpoint: flush_in (input port clocked by core_clock)
Endpoint: opcode_out[1] (output port clocked by core_clock)
Path Group: core_clock
Path Type: max

Fanout     Cap    Slew   Delay    Time   Description
-----------------------------------------------------------------------------
                          0.00    0.00   clock core_clock (rise edge)
                          0.00    0.00   clock network delay (propagated)
                          4.00    4.00 v input external delay
     1    0.00    0.00    0.00    4.00 v flush_in (in)
                                         flush_in (net)
                  0.00    0.00    4.00 v input18/A (sky130_fd_sc_hd__clkdlybuf4s50_1)
    22    0.07    0.49    0.76    4.76 v input18/X (sky130_fd_sc_hd__clkdlybuf4s50_1)
                                         net18 (net)
                  0.49    0.00    4.76 v _0889_/A (sky130_fd_sc_hd__or2_2)
     1    0.00    0.06    0.46    5.22 v _0889_/X (sky130_fd_sc_hd__or2_2)
                                         net78 (net)
                  0.06    0.00    5.22 v output78/A (sky130_fd_sc_hd__clkdlybuf4s50_1)
     1    0.00    0.04    0.41    5.64 v output78/X (sky130_fd_sc_hd__clkdlybuf4s50_1)
                                         opcode_out[1] (net)
                  0.04    0.00    5.64 v opcode_out[1] (out)
                                  5.64   data arrival time

                         20.00   20.00   clock core_clock (rise edge)
                          0.00   20.00   clock network delay (propagated)
                          0.00   20.00   clock reconvergence pessimism
                         -4.00   16.00   output external delay
                                 16.00   data required time
-----------------------------------------------------------------------------
                                 16.00   data required time
                                 -5.64   data arrival time
-----------------------------------------------------------------------------
                                 10.36   slack (MET)



==========================================================================
cts final report_checks -unconstrained
--------------------------------------------------------------------------
Startpoint: rst_in (input port clocked by core_clock)
Endpoint: u_fir.delay_q[0][8]$_DFFE_PP0P_
          (recovery check against rising-edge clock core_clock)
Path Group: asynchronous
Path Type: max

Fanout     Cap    Slew   Delay    Time   Description
-----------------------------------------------------------------------------
                          0.00    0.00   clock core_clock (rise edge)
                          0.00    0.00   clock network delay (propagated)
                          4.00    4.00 v input external delay
     1    0.00    0.00    0.00    4.00 v rst_in (in)
                                         rst_in (net)
                  0.00    0.00    4.00 v input41/A (sky130_fd_sc_hd__clkdlybuf4s50_1)
     1    0.01    0.07    0.42    4.42 v input41/X (sky130_fd_sc_hd__clkdlybuf4s50_1)
                                         net41 (net)
                  0.07    0.00    4.42 v _0891_/A (sky130_fd_sc_hd__clkinv_2)
     1    0.00    0.03    0.05    4.47 ^ _0891_/Y (sky130_fd_sc_hd__clkinv_2)
                                         _0132_ (net)
                  0.03    0.00    4.47 ^ place101/A (sky130_fd_sc_hd__buf_4)
    83    0.44    1.19    0.90    5.36 ^ place101/X (sky130_fd_sc_hd__buf_4)
                                         net101 (net)
                  1.19    0.03    5.39 ^ u_fir.delay_q[0][8]$_DFFE_PP0P_/RESET_B (sky130_fd_sc_hd__dfrtp_1)
                                  5.39   data arrival time

                         20.00   20.00   clock core_clock (rise edge)
                          0.00   20.00   clock source latency
     1    0.03    0.00    0.00   20.00 ^ clk_in (in)
                                         clk_in (net)
                  0.00    0.00   20.00 ^ clkbuf_0_clk_in/A (sky130_fd_sc_hd__clkbuf_16)
     8    0.12    0.13    0.18   20.19 ^ clkbuf_0_clk_in/X (sky130_fd_sc_hd__clkbuf_16)
                                         clknet_0_clk_in (net)
                  0.13    0.00   20.19 ^ clkbuf_3_4__f_clk_in/A (sky130_fd_sc_hd__clkbuf_16)
    10    0.05    0.07    0.18   20.37 ^ clkbuf_3_4__f_clk_in/X (sky130_fd_sc_hd__clkbuf_16)
                                         clknet_3_4__leaf_clk_in (net)
                  0.07    0.00   20.37 ^ u_fir.delay_q[0][8]$_DFFE_PP0P_/CLK (sky130_fd_sc_hd__dfrtp_1)
                          0.00   20.37   clock reconvergence pessimism
                         -0.06   20.30   library recovery time
                                 20.30   data required time
-----------------------------------------------------------------------------
                                 20.30   data required time
                                 -5.39   data arrival time
-----------------------------------------------------------------------------
                                 14.91   slack (MET)


Startpoint: flush_in (input port clocked by core_clock)
Endpoint: opcode_out[1] (output port clocked by core_clock)
Path Group: core_clock
Path Type: max

Fanout     Cap    Slew   Delay    Time   Description
-----------------------------------------------------------------------------
                          0.00    0.00   clock core_clock (rise edge)
                          0.00    0.00   clock network delay (propagated)
                          4.00    4.00 v input external delay
     1    0.00    0.00    0.00    4.00 v flush_in (in)
                                         flush_in (net)
                  0.00    0.00    4.00 v input18/A (sky130_fd_sc_hd__clkdlybuf4s50_1)
    22    0.07    0.49    0.76    4.76 v input18/X (sky130_fd_sc_hd__clkdlybuf4s50_1)
                                         net18 (net)
                  0.49    0.00    4.76 v _0889_/A (sky130_fd_sc_hd__or2_2)
     1    0.00    0.06    0.46    5.22 v _0889_/X (sky130_fd_sc_hd__or2_2)
                                         net78 (net)
                  0.06    0.00    5.22 v output78/A (sky130_fd_sc_hd__clkdlybuf4s50_1)
     1    0.00    0.04    0.41    5.64 v output78/X (sky130_fd_sc_hd__clkdlybuf4s50_1)
                                         opcode_out[1] (net)
                  0.04    0.00    5.64 v opcode_out[1] (out)
                                  5.64   data arrival time

                         20.00   20.00   clock core_clock (rise edge)
                          0.00   20.00   clock network delay (propagated)
                          0.00   20.00   clock reconvergence pessimism
                         -4.00   16.00   output external delay
                                 16.00   data required time
-----------------------------------------------------------------------------
                                 16.00   data required time
                                 -5.64   data arrival time
-----------------------------------------------------------------------------
                                 10.36   slack (MET)



==========================================================================
cts final report_check_types -max_slew -max_cap -max_fanout -violators
--------------------------------------------------------------------------

==========================================================================
cts final max_slew_check_slack
--------------------------------------------------------------------------
0.30946946144104004

==========================================================================
cts final max_slew_check_limit
--------------------------------------------------------------------------
1.5

==========================================================================
cts final max_slew_check_slack_limit
--------------------------------------------------------------------------
0.2063

==========================================================================
cts final max_fanout_check_slack
--------------------------------------------------------------------------
1.0000000150474662e+30

==========================================================================
cts final max_fanout_check_limit
--------------------------------------------------------------------------
1.0000000150474662e+30

==========================================================================
cts final max_capacitance_check_slack
--------------------------------------------------------------------------
0.013954659923911095

==========================================================================
cts final max_capacitance_check_limit
--------------------------------------------------------------------------
0.021067000925540924

==========================================================================
cts final max_capacitance_check_slack_limit
--------------------------------------------------------------------------
0.6624

==========================================================================
cts final max_slew_violation_count
--------------------------------------------------------------------------
max slew violation count 0

==========================================================================
cts final max_fanout_violation_count
--------------------------------------------------------------------------
max fanout violation count 0

==========================================================================
cts final max_cap_violation_count
--------------------------------------------------------------------------
max cap violation count 0

==========================================================================
cts final setup_violation_count
--------------------------------------------------------------------------
setup violation count 0

==========================================================================
cts final hold_violation_count
--------------------------------------------------------------------------
hold violation count 0

==========================================================================
cts final report_checks -path_delay max reg to reg
--------------------------------------------------------------------------
Startpoint: u_fir.delay_q[0][0]$_DFFE_PP0P_
            (rising edge-triggered flip-flop clocked by core_clock)
Endpoint: u_fir.result_out[30]$_DFFE_PP0P_
          (rising edge-triggered flip-flop clocked by core_clock)
Path Group: core_clock
Path Type: max

  Delay    Time   Description
---------------------------------------------------------
   0.00    0.00   clock core_clock (rise edge)
   0.00    0.00   clock source latency
   0.00    0.00 ^ clk_in (in)
   0.19    0.19 ^ clkbuf_0_clk_in/X (sky130_fd_sc_hd__clkbuf_16)
   0.19    0.37 ^ clkbuf_3_0__f_clk_in/X (sky130_fd_sc_hd__clkbuf_16)
   0.00    0.37 ^ u_fir.delay_q[0][0]$_DFFE_PP0P_/CLK (sky130_fd_sc_hd__dfrtp_1)
   0.40    0.77 v u_fir.delay_q[0][0]$_DFFE_PP0P_/Q (sky130_fd_sc_hd__dfrtp_1)
   0.23    1.00 v _1007_/COUT (sky130_fd_sc_hd__ha_1)
   0.44    1.44 v _0955_/COUT (sky130_fd_sc_hd__fa_1)
   0.37    1.81 v _0795_/X (sky130_fd_sc_hd__a211o_1)
   0.53    2.33 ^ _0797_/Y (sky130_fd_sc_hd__a2111oi_0)
   0.21    2.54 v _0798_/Y (sky130_fd_sc_hd__nor3_1)
   0.24    2.78 ^ _0802_/Y (sky130_fd_sc_hd__o21ai_1)
   0.12    2.90 v _0804_/Y (sky130_fd_sc_hd__o22ai_1)
   0.57    3.47 ^ _0808_/Y (sky130_fd_sc_hd__o31ai_1)
   0.53    4.00 v _0938_/SUM (sky130_fd_sc_hd__fa_1)
   0.40    4.40 v _1003_/SUM (sky130_fd_sc_hd__ha_1)
   0.21    4.61 v _0678_/X (sky130_fd_sc_hd__a21o_1)
   0.57    5.18 ^ _0679_/Y (sky130_fd_sc_hd__a2111oi_0)
   0.30    5.48 v _0682_/Y (sky130_fd_sc_hd__a211oi_1)
   0.24    5.73 ^ _0707_/Y (sky130_fd_sc_hd__o21ai_0)
   0.00    5.73 ^ u_fir.result_out[30]$_DFFE_PP0P_/D (sky130_fd_sc_hd__dfrtp_1)
           5.73   data arrival time

  20.00   20.00   clock core_clock (rise edge)
   0.00   20.00   clock source latency
   0.00   20.00 ^ clk_in (in)
   0.19   20.19 ^ clkbuf_0_clk_in/X (sky130_fd_sc_hd__clkbuf_16)
   0.18   20.37 ^ clkbuf_3_3__f_clk_in/X (sky130_fd_sc_hd__clkbuf_16)
   0.00   20.37 ^ u_fir.result_out[30]$_DFFE_PP0P_/CLK (sky130_fd_sc_hd__dfrtp_1)
   0.00   20.37   clock reconvergence pessimism
  -0.08   20.28   library setup time
          20.28   data required time
---------------------------------------------------------
          20.28   data required time
          -5.73   data arrival time
---------------------------------------------------------
          14.56   slack (MET)



==========================================================================
cts final report_checks -path_delay min reg to reg
--------------------------------------------------------------------------
Startpoint: u_fir.result_out[18]$_DFFE_PP0P_
            (rising edge-triggered flip-flop clocked by core_clock)
Endpoint: u_fir.result_out[18]$_DFFE_PP0P_
          (rising edge-triggered flip-flop clocked by core_clock)
Path Group: core_clock
Path Type: min

  Delay    Time   Description
---------------------------------------------------------
   0.00    0.00   clock core_clock (rise edge)
   0.00    0.00   clock source latency
   0.00    0.00 ^ clk_in (in)
   0.19    0.19 ^ clkbuf_0_clk_in/X (sky130_fd_sc_hd__clkbuf_16)
   0.18    0.37 ^ clkbuf_3_3__f_clk_in/X (sky130_fd_sc_hd__clkbuf_16)
   0.00    0.37 ^ u_fir.result_out[18]$_DFFE_PP0P_/CLK (sky130_fd_sc_hd__dfrtp_1)
   0.34    0.71 ^ u_fir.result_out[18]$_DFFE_PP0P_/Q (sky130_fd_sc_hd__dfrtp_1)
   0.07    0.78 v _0668_/Y (sky130_fd_sc_hd__nand2_1)
   0.05    0.83 ^ _0669_/Y (sky130_fd_sc_hd__o31ai_2)
   0.00    0.83 ^ u_fir.result_out[18]$_DFFE_PP0P_/D (sky130_fd_sc_hd__dfrtp_1)
           0.83   data arrival time

   0.00    0.00   clock core_clock (rise edge)
   0.00    0.00   clock source latency
   0.00    0.00 ^ clk_in (in)
   0.19    0.19 ^ clkbuf_0_clk_in/X (sky130_fd_sc_hd__clkbuf_16)
   0.18    0.37 ^ clkbuf_3_3__f_clk_in/X (sky130_fd_sc_hd__clkbuf_16)
   0.00    0.37 ^ u_fir.result_out[18]$_DFFE_PP0P_/CLK (sky130_fd_sc_hd__dfrtp_1)
   0.00    0.37   clock reconvergence pessimism
  -0.03    0.34   library hold time
           0.34   data required time
---------------------------------------------------------
           0.34   data required time
          -0.83   data arrival time
---------------------------------------------------------
           0.49   slack (MET)



==========================================================================
cts final critical path target clock latency max path
--------------------------------------------------------------------------
0.3664

==========================================================================
cts final critical path target clock latency min path
--------------------------------------------------------------------------
0.3758

==========================================================================
cts final critical path source clock latency min path
--------------------------------------------------------------------------
0.0000

==========================================================================
cts final critical path delay
--------------------------------------------------------------------------
5.6379

==========================================================================
cts final critical path slack
--------------------------------------------------------------------------
10.3621

==========================================================================
cts final slack div critical path delay
--------------------------------------------------------------------------
183.793611

==========================================================================
cts final report_power
--------------------------------------------------------------------------
Group                  Internal  Switching    Leakage      Total
                          Power      Power      Power      Power (Watts)
----------------------------------------------------------------
Sequential             2.23e-04   3.44e-05   9.77e-10   2.57e-04  19.5%
Combinational          4.21e-04   4.71e-04   2.14e-09   8.92e-04  67.5%
Clock                  8.79e-05   8.43e-05   1.45e-10   1.72e-04  13.0%
Macro                  0.00e+00   0.00e+00   0.00e+00   0.00e+00   0.0%
Pad                    0.00e+00   0.00e+00   0.00e+00   0.00e+00   0.0%
----------------------------------------------------------------
Total                  7.32e-04   5.90e-04   3.26e-09   1.32e-03 100.0%
                          55.4%      44.6%       0.0%
