
==========================================================================
finish report_tns
--------------------------------------------------------------------------
tns max 0.00

==========================================================================
finish report_wns
--------------------------------------------------------------------------
wns max 0.00

==========================================================================
finish report_worst_slack
--------------------------------------------------------------------------
worst slack max 10.40

==========================================================================
finish report_clock_min_period
--------------------------------------------------------------------------
core_clock period_min = 9.60 fmax = 104.14

==========================================================================
finish report_clock_skew
--------------------------------------------------------------------------
Clock core_clock
   0.35 source latency u_fir.delay_q[1][9]$_DFFE_PP0P_/CLK ^
  -0.36 target latency u_fir.result_out[33]$_DFFE_PP0P_/CLK ^
   0.00 CRPR
--------------
  -0.01 setup skew


==========================================================================
finish report_checks -path_delay min
--------------------------------------------------------------------------
Startpoint: rst_in (input port clocked by core_clock)
Endpoint: u_fir.result_out[33]$_DFFE_PP0P_
          (removal check against rising-edge clock core_clock)
Path Group: asynchronous
Path Type: min

Fanout     Cap    Slew   Delay    Time   Description
-----------------------------------------------------------------------------
                          0.00    0.00   clock core_clock (rise edge)
                          0.00    0.00   clock network delay (propagated)
                          4.00    4.00 v input external delay
     1    0.00    0.00    0.00    4.00 v rst_in (in)
                                         rst_in (net)
                  0.00    0.00    4.00 v input41/A (sky130_fd_sc_hd__clkdlybuf4s50_1)
     1    0.01    0.07    0.42    4.42 v input41/X (sky130_fd_sc_hd__clkdlybuf4s50_1)
                                         net41 (net)
                  0.07    0.00    4.42 v _0891_/A (sky130_fd_sc_hd__clkinv_2)
     1    0.00    0.03    0.05    4.46 ^ _0891_/Y (sky130_fd_sc_hd__clkinv_2)
                                         _0132_ (net)
                  0.03    0.00    4.46 ^ place101/A (sky130_fd_sc_hd__buf_4)
    83    0.40    1.07    0.77    5.24 ^ place101/X (sky130_fd_sc_hd__buf_4)
                                         net101 (net)
                  1.07    0.01    5.24 ^ u_fir.result_out[33]$_DFFE_PP0P_/RESET_B (sky130_fd_sc_hd__dfrtp_1)
                                  5.24   data arrival time

                          0.00    0.00   clock core_clock (rise edge)
                          0.00    0.00   clock source latency
     1    0.02    0.00    0.00    0.00 ^ clk_in (in)
                                         clk_in (net)
                  0.00    0.00    0.00 ^ clkbuf_0_clk_in/A (sky130_fd_sc_hd__clkbuf_16)
     8    0.11    0.12    0.17    0.18 ^ clkbuf_0_clk_in/X (sky130_fd_sc_hd__clkbuf_16)
                                         clknet_0_clk_in (net)
                  0.12    0.00    0.18 ^ clkbuf_3_2__f_clk_in/A (sky130_fd_sc_hd__clkbuf_16)
    17    0.05    0.07    0.18    0.36 ^ clkbuf_3_2__f_clk_in/X (sky130_fd_sc_hd__clkbuf_16)
                                         clknet_3_2__leaf_clk_in (net)
                  0.07    0.00    0.36 ^ u_fir.result_out[33]$_DFFE_PP0P_/CLK (sky130_fd_sc_hd__dfrtp_1)
                          0.00    0.36   clock reconvergence pessimism
                          0.60    0.96   library removal time
                                  0.96   data required time
-----------------------------------------------------------------------------
                                  0.96   data required time
                                 -5.24   data arrival time
-----------------------------------------------------------------------------
                                  4.28   slack (MET)


Startpoint: u_fir.result_out[18]$_DFFE_PP0P_
            (rising edge-triggered flip-flop clocked by core_clock)
Endpoint: u_fir.result_out[18]$_DFFE_PP0P_
          (rising edge-triggered flip-flop clocked by core_clock)
Path Group: core_clock
Path Type: min

Fanout     Cap    Slew   Delay    Time   Description
-----------------------------------------------------------------------------
                          0.00    0.00   clock core_clock (rise edge)
                          0.00    0.00   clock source latency
     1    0.02    0.00    0.00    0.00 ^ clk_in (in)
                                         clk_in (net)
                  0.00    0.00    0.00 ^ clkbuf_0_clk_in/A (sky130_fd_sc_hd__clkbuf_16)
     8    0.11    0.12    0.17    0.18 ^ clkbuf_0_clk_in/X (sky130_fd_sc_hd__clkbuf_16)
                                         clknet_0_clk_in (net)
                  0.12    0.00    0.18 ^ clkbuf_3_3__f_clk_in/A (sky130_fd_sc_hd__clkbuf_16)
    11    0.04    0.06    0.17    0.35 ^ clkbuf_3_3__f_clk_in/X (sky130_fd_sc_hd__clkbuf_16)
                                         clknet_3_3__leaf_clk_in (net)
                  0.06    0.00    0.35 ^ u_fir.result_out[18]$_DFFE_PP0P_/CLK (sky130_fd_sc_hd__dfrtp_1)
     2    0.01    0.06    0.34    0.69 ^ u_fir.result_out[18]$_DFFE_PP0P_/Q (sky130_fd_sc_hd__dfrtp_1)
                                         net51 (net)
                  0.06    0.00    0.69 ^ _0668_/B (sky130_fd_sc_hd__nand2_1)
     1    0.00    0.04    0.06    0.75 v _0668_/Y (sky130_fd_sc_hd__nand2_1)
                                         _0313_ (net)
                  0.04    0.00    0.75 v _0669_/B1 (sky130_fd_sc_hd__o31ai_2)
     1    0.00    0.04    0.05    0.80 ^ _0669_/Y (sky130_fd_sc_hd__o31ai_2)
                                         _0147_ (net)
                  0.04    0.00    0.80 ^ u_fir.result_out[18]$_DFFE_PP0P_/D (sky130_fd_sc_hd__dfrtp_1)
                                  0.80   data arrival time

                          0.00    0.00   clock core_clock (rise edge)
                          0.00    0.00   clock source latency
     1    0.02    0.00    0.00    0.00 ^ clk_in (in)
                                         clk_in (net)
                  0.00    0.00    0.00 ^ clkbuf_0_clk_in/A (sky130_fd_sc_hd__clkbuf_16)
     8    0.11    0.12    0.17    0.18 ^ clkbuf_0_clk_in/X (sky130_fd_sc_hd__clkbuf_16)
                                         clknet_0_clk_in (net)
                  0.12    0.00    0.18 ^ clkbuf_3_3__f_clk_in/A (sky130_fd_sc_hd__clkbuf_16)
    11    0.04    0.06    0.17    0.35 ^ clkbuf_3_3__f_clk_in/X (sky130_fd_sc_hd__clkbuf_16)
                                         clknet_3_3__leaf_clk_in (net)
                  0.06    0.00    0.35 ^ u_fir.result_out[18]$_DFFE_PP0P_/CLK (sky130_fd_sc_hd__dfrtp_1)
                          0.00    0.35   clock reconvergence pessimism
                         -0.03    0.32   library hold time
                                  0.32   data required time
-----------------------------------------------------------------------------
                                  0.32   data required time
                                 -0.80   data arrival time
-----------------------------------------------------------------------------
                                  0.48   slack (MET)



==========================================================================
finish report_checks -path_delay max
--------------------------------------------------------------------------
Startpoint: rst_in (input port clocked by core_clock)
Endpoint: u_fir.delay_q[1][13]$_DFFE_PP0P_
          (recovery check against rising-edge clock core_clock)
Path Group: asynchronous
Path Type: max

Fanout     Cap    Slew   Delay    Time   Description
-----------------------------------------------------------------------------
                          0.00    0.00   clock core_clock (rise edge)
                          0.00    0.00   clock network delay (propagated)
                          4.00    4.00 v input external delay
     1    0.00    0.00    0.00    4.00 v rst_in (in)
                                         rst_in (net)
                  0.00    0.00    4.00 v input41/A (sky130_fd_sc_hd__clkdlybuf4s50_1)
     1    0.01    0.07    0.42    4.42 v input41/X (sky130_fd_sc_hd__clkdlybuf4s50_1)
                                         net41 (net)
                  0.07    0.00    4.42 v _0891_/A (sky130_fd_sc_hd__clkinv_2)
     1    0.00    0.03    0.05    4.46 ^ _0891_/Y (sky130_fd_sc_hd__clkinv_2)
                                         _0132_ (net)
                  0.03    0.00    4.46 ^ place101/A (sky130_fd_sc_hd__buf_4)
    83    0.40    1.07    0.77    5.24 ^ place101/X (sky130_fd_sc_hd__buf_4)
                                         net101 (net)
                  1.08    0.09    5.33 ^ u_fir.delay_q[1][13]$_DFFE_PP0P_/RESET_B (sky130_fd_sc_hd__dfrtp_1)
                                  5.33   data arrival time

                         20.00   20.00   clock core_clock (rise edge)
                          0.00   20.00   clock source latency
     1    0.02    0.00    0.00   20.00 ^ clk_in (in)
                                         clk_in (net)
                  0.00    0.00   20.00 ^ clkbuf_0_clk_in/A (sky130_fd_sc_hd__clkbuf_16)
     8    0.11    0.12    0.17   20.18 ^ clkbuf_0_clk_in/X (sky130_fd_sc_hd__clkbuf_16)
                                         clknet_0_clk_in (net)
                  0.12    0.00   20.18 ^ clkbuf_3_7__f_clk_in/A (sky130_fd_sc_hd__clkbuf_16)
    11    0.05    0.07    0.17   20.35 ^ clkbuf_3_7__f_clk_in/X (sky130_fd_sc_hd__clkbuf_16)
                                         clknet_3_7__leaf_clk_in (net)
                  0.07    0.00   20.35 ^ u_fir.delay_q[1][13]$_DFFE_PP0P_/CLK (sky130_fd_sc_hd__dfrtp_1)
                          0.00   20.35   clock reconvergence pessimism
                         -0.04   20.32   library recovery time
                                 20.32   data required time
-----------------------------------------------------------------------------
                                 20.32   data required time
                                 -5.33   data arrival time
-----------------------------------------------------------------------------
                                 14.99   slack (MET)


Startpoint: flush_in (input port clocked by core_clock)
Endpoint: opcode_out[1] (output port clocked by core_clock)
Path Group: core_clock
Path Type: max

Fanout     Cap    Slew   Delay    Time   Description
-----------------------------------------------------------------------------
                          0.00    0.00   clock core_clock (rise edge)
                          0.00    0.00   clock network delay (propagated)
                          4.00    4.00 v input external delay
     1    0.00    0.00    0.00    4.00 v flush_in (in)
                                         flush_in (net)
                  0.00    0.00    4.00 v input18/A (sky130_fd_sc_hd__clkdlybuf4s50_1)
    22    0.06    0.47    0.74    4.74 v input18/X (sky130_fd_sc_hd__clkdlybuf4s50_1)
                                         net18 (net)
                  0.47    0.00    4.75 v _0889_/A (sky130_fd_sc_hd__or2_2)
     1    0.00    0.06    0.45    5.19 v _0889_/X (sky130_fd_sc_hd__or2_2)
                                         net78 (net)
                  0.06    0.00    5.19 v output78/A (sky130_fd_sc_hd__clkdlybuf4s50_1)
     1    0.00    0.04    0.41    5.60 v output78/X (sky130_fd_sc_hd__clkdlybuf4s50_1)
                                         opcode_out[1] (net)
                  0.04    0.00    5.60 v opcode_out[1] (out)
                                  5.60   data arrival time

                         20.00   20.00   clock core_clock (rise edge)
                          0.00   20.00   clock network delay (propagated)
                          0.00   20.00   clock reconvergence pessimism
                         -4.00   16.00   output external delay
                                 16.00   data required time
-----------------------------------------------------------------------------
                                 16.00   data required time
                                 -5.60   data arrival time
-----------------------------------------------------------------------------
                                 10.40   slack (MET)



==========================================================================
finish report_checks -unconstrained
--------------------------------------------------------------------------
Startpoint: rst_in (input port clocked by core_clock)
Endpoint: u_fir.delay_q[1][13]$_DFFE_PP0P_
          (recovery check against rising-edge clock core_clock)
Path Group: asynchronous
Path Type: max

Fanout     Cap    Slew   Delay    Time   Description
-----------------------------------------------------------------------------
                          0.00    0.00   clock core_clock (rise edge)
                          0.00    0.00   clock network delay (propagated)
                          4.00    4.00 v input external delay
     1    0.00    0.00    0.00    4.00 v rst_in (in)
                                         rst_in (net)
                  0.00    0.00    4.00 v input41/A (sky130_fd_sc_hd__clkdlybuf4s50_1)
     1    0.01    0.07    0.42    4.42 v input41/X (sky130_fd_sc_hd__clkdlybuf4s50_1)
                                         net41 (net)
                  0.07    0.00    4.42 v _0891_/A (sky130_fd_sc_hd__clkinv_2)
     1    0.00    0.03    0.05    4.46 ^ _0891_/Y (sky130_fd_sc_hd__clkinv_2)
                                         _0132_ (net)
                  0.03    0.00    4.46 ^ place101/A (sky130_fd_sc_hd__buf_4)
    83    0.40    1.07    0.77    5.24 ^ place101/X (sky130_fd_sc_hd__buf_4)
                                         net101 (net)
                  1.08    0.09    5.33 ^ u_fir.delay_q[1][13]$_DFFE_PP0P_/RESET_B (sky130_fd_sc_hd__dfrtp_1)
                                  5.33   data arrival time

                         20.00   20.00   clock core_clock (rise edge)
                          0.00   20.00   clock source latency
     1    0.02    0.00    0.00   20.00 ^ clk_in (in)
                                         clk_in (net)
                  0.00    0.00   20.00 ^ clkbuf_0_clk_in/A (sky130_fd_sc_hd__clkbuf_16)
     8    0.11    0.12    0.17   20.18 ^ clkbuf_0_clk_in/X (sky130_fd_sc_hd__clkbuf_16)
                                         clknet_0_clk_in (net)
                  0.12    0.00   20.18 ^ clkbuf_3_7__f_clk_in/A (sky130_fd_sc_hd__clkbuf_16)
    11    0.05    0.07    0.17   20.35 ^ clkbuf_3_7__f_clk_in/X (sky130_fd_sc_hd__clkbuf_16)
                                         clknet_3_7__leaf_clk_in (net)
                  0.07    0.00   20.35 ^ u_fir.delay_q[1][13]$_DFFE_PP0P_/CLK (sky130_fd_sc_hd__dfrtp_1)
                          0.00   20.35   clock reconvergence pessimism
                         -0.04   20.32   library recovery time
                                 20.32   data required time
-----------------------------------------------------------------------------
                                 20.32   data required time
                                 -5.33   data arrival time
-----------------------------------------------------------------------------
                                 14.99   slack (MET)


Startpoint: flush_in (input port clocked by core_clock)
Endpoint: opcode_out[1] (output port clocked by core_clock)
Path Group: core_clock
Path Type: max

Fanout     Cap    Slew   Delay    Time   Description
-----------------------------------------------------------------------------
                          0.00    0.00   clock core_clock (rise edge)
                          0.00    0.00   clock network delay (propagated)
                          4.00    4.00 v input external delay
     1    0.00    0.00    0.00    4.00 v flush_in (in)
                                         flush_in (net)
                  0.00    0.00    4.00 v input18/A (sky130_fd_sc_hd__clkdlybuf4s50_1)
    22    0.06    0.47    0.74    4.74 v input18/X (sky130_fd_sc_hd__clkdlybuf4s50_1)
                                         net18 (net)
                  0.47    0.00    4.75 v _0889_/A (sky130_fd_sc_hd__or2_2)
     1    0.00    0.06    0.45    5.19 v _0889_/X (sky130_fd_sc_hd__or2_2)
                                         net78 (net)
                  0.06    0.00    5.19 v output78/A (sky130_fd_sc_hd__clkdlybuf4s50_1)
     1    0.00    0.04    0.41    5.60 v output78/X (sky130_fd_sc_hd__clkdlybuf4s50_1)
                                         opcode_out[1] (net)
                  0.04    0.00    5.60 v opcode_out[1] (out)
                                  5.60   data arrival time

                         20.00   20.00   clock core_clock (rise edge)
                          0.00   20.00   clock network delay (propagated)
                          0.00   20.00   clock reconvergence pessimism
                         -4.00   16.00   output external delay
                                 16.00   data required time
-----------------------------------------------------------------------------
                                 16.00   data required time
                                 -5.60   data arrival time
-----------------------------------------------------------------------------
                                 10.40   slack (MET)



==========================================================================
finish report_check_types -max_slew -max_cap -max_fanout -violators
--------------------------------------------------------------------------

==========================================================================
finish max_slew_check_slack
--------------------------------------------------------------------------
0.41574567556381226

==========================================================================
finish max_slew_check_limit
--------------------------------------------------------------------------
1.5

==========================================================================
finish max_slew_check_slack_limit
--------------------------------------------------------------------------
0.2772

==========================================================================
finish max_fanout_check_slack
--------------------------------------------------------------------------
1.0000000150474662e+30

==========================================================================
finish max_fanout_check_limit
--------------------------------------------------------------------------
1.0000000150474662e+30

==========================================================================
finish max_capacitance_check_slack
--------------------------------------------------------------------------
0.013740424066781998

==========================================================================
finish max_capacitance_check_limit
--------------------------------------------------------------------------
0.021067000925540924

==========================================================================
finish max_capacitance_check_slack_limit
--------------------------------------------------------------------------
0.6522

==========================================================================
finish max_slew_violation_count
--------------------------------------------------------------------------
max slew violation count 0

==========================================================================
finish max_fanout_violation_count
--------------------------------------------------------------------------
max fanout violation count 0

==========================================================================
finish max_cap_violation_count
--------------------------------------------------------------------------
max cap violation count 0

==========================================================================
finish setup_violation_count
--------------------------------------------------------------------------
setup violation count 0

==========================================================================
finish hold_violation_count
--------------------------------------------------------------------------
hold violation count 0

==========================================================================
finish report_checks -path_delay max reg to reg
--------------------------------------------------------------------------
Startpoint: u_fir.delay_q[0][0]$_DFFE_PP0P_
            (rising edge-triggered flip-flop clocked by core_clock)
Endpoint: u_fir.result_out[24]$_DFFE_PP0P_
          (rising edge-triggered flip-flop clocked by core_clock)
Path Group: core_clock
Path Type: max

  Delay    Time   Description
---------------------------------------------------------
   0.00    0.00   clock core_clock (rise edge)
   0.00    0.00   clock source latency
   0.00    0.00 ^ clk_in (in)
   0.18    0.18 ^ clkbuf_0_clk_in/X (sky130_fd_sc_hd__clkbuf_16)
   0.18    0.35 ^ clkbuf_3_0__f_clk_in/X (sky130_fd_sc_hd__clkbuf_16)
   0.00    0.35 ^ u_fir.delay_q[0][0]$_DFFE_PP0P_/CLK (sky130_fd_sc_hd__dfrtp_1)
   0.39    0.75 v u_fir.delay_q[0][0]$_DFFE_PP0P_/Q (sky130_fd_sc_hd__dfrtp_1)
   0.23    0.98 v _1007_/COUT (sky130_fd_sc_hd__ha_1)
   0.43    1.41 v _0955_/COUT (sky130_fd_sc_hd__fa_1)
   0.37    1.78 v _0795_/X (sky130_fd_sc_hd__a211o_1)
   0.53    2.31 ^ _0797_/Y (sky130_fd_sc_hd__a2111oi_0)
   0.20    2.51 v _0798_/Y (sky130_fd_sc_hd__nor3_1)
   0.23    2.74 ^ _0802_/Y (sky130_fd_sc_hd__o21ai_1)
   0.12    2.86 v _0804_/Y (sky130_fd_sc_hd__o22ai_1)
   0.51    3.37 ^ _0808_/Y (sky130_fd_sc_hd__o31ai_1)
   0.52    3.90 v _0938_/SUM (sky130_fd_sc_hd__fa_1)
   0.40    4.29 v _1003_/SUM (sky130_fd_sc_hd__ha_1)
   0.21    4.50 v _0678_/X (sky130_fd_sc_hd__a21o_1)
   0.58    5.09 ^ _0679_/Y (sky130_fd_sc_hd__a2111oi_0)
   0.30    5.39 v _0682_/Y (sky130_fd_sc_hd__a211oi_1)
   0.24    5.63 ^ _0695_/Y (sky130_fd_sc_hd__o21ai_0)
   0.00    5.63 ^ u_fir.result_out[24]$_DFFE_PP0P_/D (sky130_fd_sc_hd__dfrtp_1)
           5.63   data arrival time

  20.00   20.00   clock core_clock (rise edge)
   0.00   20.00   clock source latency
   0.00   20.00 ^ clk_in (in)
   0.18   20.18 ^ clkbuf_0_clk_in/X (sky130_fd_sc_hd__clkbuf_16)
   0.18   20.35 ^ clkbuf_3_3__f_clk_in/X (sky130_fd_sc_hd__clkbuf_16)
   0.00   20.35 ^ u_fir.result_out[24]$_DFFE_PP0P_/CLK (sky130_fd_sc_hd__dfrtp_1)
   0.00   20.35   clock reconvergence pessimism
  -0.08   20.27   library setup time
          20.27   data required time
---------------------------------------------------------
          20.27   data required time
          -5.63   data arrival time
---------------------------------------------------------
          14.64   slack (MET)



==========================================================================
finish report_checks -path_delay min reg to reg
--------------------------------------------------------------------------
Startpoint: u_fir.result_out[18]$_DFFE_PP0P_
            (rising edge-triggered flip-flop clocked by core_clock)
Endpoint: u_fir.result_out[18]$_DFFE_PP0P_
          (rising edge-triggered flip-flop clocked by core_clock)
Path Group: core_clock
Path Type: min

  Delay    Time   Description
---------------------------------------------------------
   0.00    0.00   clock core_clock (rise edge)
   0.00    0.00   clock source latency
   0.00    0.00 ^ clk_in (in)
   0.18    0.18 ^ clkbuf_0_clk_in/X (sky130_fd_sc_hd__clkbuf_16)
   0.18    0.35 ^ clkbuf_3_3__f_clk_in/X (sky130_fd_sc_hd__clkbuf_16)
   0.00    0.35 ^ u_fir.result_out[18]$_DFFE_PP0P_/CLK (sky130_fd_sc_hd__dfrtp_1)
   0.34    0.69 ^ u_fir.result_out[18]$_DFFE_PP0P_/Q (sky130_fd_sc_hd__dfrtp_1)
   0.06    0.75 v _0668_/Y (sky130_fd_sc_hd__nand2_1)
   0.05    0.80 ^ _0669_/Y (sky130_fd_sc_hd__o31ai_2)
   0.00    0.80 ^ u_fir.result_out[18]$_DFFE_PP0P_/D (sky130_fd_sc_hd__dfrtp_1)
           0.80   data arrival time

   0.00    0.00   clock core_clock (rise edge)
   0.00    0.00   clock source latency
   0.00    0.00 ^ clk_in (in)
   0.18    0.18 ^ clkbuf_0_clk_in/X (sky130_fd_sc_hd__clkbuf_16)
   0.18    0.35 ^ clkbuf_3_3__f_clk_in/X (sky130_fd_sc_hd__clkbuf_16)
   0.00    0.35 ^ u_fir.result_out[18]$_DFFE_PP0P_/CLK (sky130_fd_sc_hd__dfrtp_1)
   0.00    0.35   clock reconvergence pessimism
  -0.03    0.32   library hold time
           0.32   data required time
---------------------------------------------------------
           0.32   data required time
          -0.80   data arrival time
---------------------------------------------------------
           0.48   slack (MET)



==========================================================================
finish critical path target clock latency max path
--------------------------------------------------------------------------
0.3519

==========================================================================
finish critical path target clock latency min path
--------------------------------------------------------------------------
0.3580

==========================================================================
finish critical path source clock latency min path
--------------------------------------------------------------------------
0.0000

==========================================================================
finish critical path delay
--------------------------------------------------------------------------
5.6025

==========================================================================
finish critical path slack
--------------------------------------------------------------------------
10.3975

==========================================================================
finish slack div critical path delay
--------------------------------------------------------------------------
185.586792

==========================================================================
finish report_power
--------------------------------------------------------------------------
Group                  Internal  Switching    Leakage      Total
                          Power      Power      Power      Power (Watts)
----------------------------------------------------------------
Sequential             2.23e-04   3.28e-05   9.77e-10   2.56e-04  19.6%
Combinational          4.20e-04   4.63e-04   2.14e-09   8.82e-04  67.7%
Clock                  8.78e-05   7.66e-05   1.45e-10   1.64e-04  12.6%
Macro                  0.00e+00   0.00e+00   0.00e+00   0.00e+00   0.0%
Pad                    0.00e+00   0.00e+00   0.00e+00   0.00e+00   0.0%
----------------------------------------------------------------
Total                  7.31e-04   5.72e-04   3.26e-09   1.30e-03 100.0%
                          56.1%      43.9%       0.0%
